INFO:root:info test1 test2
